// Jest Snapshot v1, https://goo.gl/fbAQLP

exports[`checks if CurrencyCard component renders correctly should render correctly 1`] = `
<div
  className="list-group-item"
  data-testid="list-group-item"
  onClick={[Function]}
>
  <div
    className="d-flex"
    id="data-container"
  >
    <div
      className="bottom-data d-flex"
    >
      <img
        alt="currency-icon"
        className="currency-image"
        src="currency.png"
      />
      <i
        className="far fa-arrow-alt-circle-right"
      />
    </div>
    <h3 />
    <p>
       ( 
       ) 
    </p>
    <p>
      $NaN
    </p>
  </div>
</div>
`;
